2026-08-15 22:54:36.853 -06:00 [INF] Ergowatch started
2026-08-15 22:56:05.144 -06:00 [INF] Ergowatch Closed
2026-08-15 22:56:58.592 -06:00 [INF] Ergowatch started
2026-08-15 22:57:23.952 -06:00 [INF] Ergowatch Closed
2026-08-15 22:58:18.208 -06:00 [INF] Ergowatch started
2026-08-15 23:03:35.579 -06:00 [INF] Ergowatch Closed
2026-08-15 23:03:56.878 -06:00 [INF] Ergowatch started
2026-08-15 23:03:57.232 -06:00 [INF] Named Pipe service started: ergonomics_pipe
2026-08-15 23:03:57.236 -06:00 [INF] Communication Service Started
2026-08-15 23:04:37.906 -06:00 [ERR] Error in the service (Named Pipe)
System.IO.IOException: Ha terminado la canalización.
   at System.IO.Pipes.PipeStream.PipeValueTaskSource.GetResult(Int16 token)
   at System.IO.Pipes.PipeStream.PipeValueTaskSource.System.Threading.Tasks.Sources.IValueTaskSource.GetResult(Int16 token)
   at System.Threading.Tasks.ValueTask.ValueTaskSourceAsTask.<>c.<.cctor>b__4_0(Object state)
--- End of stack trace from previous location ---
   at System.IO.Pipes.NamedPipeServerStream.WaitForConnection()
   at CSharpApp.Services.PipeListener.ListenForConnections() in C:\Users\Kev\ErgoWatch\CSharpApp\Services\PipeListener.cs:line 56
2026-08-15 23:04:38.896 -06:00 [INF] Named Pipe service stopped
2026-08-15 23:04:38.896 -06:00 [INF] Ergowatch Closed
2026-08-15 23:21:08.433 -06:00 [INF] Ergowatch started
2026-08-15 23:21:08.827 -06:00 [INF] Named Pipe service started: ergonomics_pipe
2026-08-15 23:21:08.830 -06:00 [INF] Communication Service Started
2026-08-15 23:21:38.712 -06:00 [ERR] Error in the service (Named Pipe)
System.IO.IOException: Ha terminado la canalización.
   at System.IO.Pipes.PipeStream.PipeValueTaskSource.GetResult(Int16 token)
   at System.IO.Pipes.PipeStream.PipeValueTaskSource.System.Threading.Tasks.Sources.IValueTaskSource.GetResult(Int16 token)
   at System.Threading.Tasks.ValueTask.ValueTaskSourceAsTask.<>c.<.cctor>b__4_0(Object state)
--- End of stack trace from previous location ---
   at System.IO.Pipes.NamedPipeServerStream.WaitForConnection()
   at CSharpApp.Services.PipeListener.ListenForConnections() in C:\Users\Kev\ErgoWatch\CSharpApp\Services\PipeListener.cs:line 59
2026-08-15 23:21:39.729 -06:00 [INF] Named Pipe service stopped
2026-08-15 23:21:39.730 -06:00 [INF] Ergowatch Closed
2026-08-15 23:22:23.044 -06:00 [INF] Ergowatch started
2026-08-15 23:22:23.468 -06:00 [INF] Named Pipe service started: ergonomics_pipe
2026-08-15 23:22:23.471 -06:00 [INF] Communication Service Started
2026-08-15 23:22:40.821 -06:00 [ERR] Error in the service (Named Pipe)
System.IO.IOException: Ha terminado la canalización.
   at System.IO.Pipes.PipeStream.PipeValueTaskSource.GetResult(Int16 token)
   at System.IO.Pipes.PipeStream.PipeValueTaskSource.System.Threading.Tasks.Sources.IValueTaskSource.GetResult(Int16 token)
   at System.Threading.Tasks.ValueTask.ValueTaskSourceAsTask.<>c.<.cctor>b__4_0(Object state)
--- End of stack trace from previous location ---
   at System.IO.Pipes.NamedPipeServerStream.WaitForConnection()
   at CSharpApp.Services.PipeListener.ListenForConnections() in C:\Users\Kev\ErgoWatch\CSharpApp\Services\PipeListener.cs:line 59
2026-08-15 23:22:41.832 -06:00 [INF] Named Pipe service stopped
2026-08-15 23:22:41.832 -06:00 [INF] Ergowatch Closed
2026-08-15 23:25:20.230 -06:00 [INF] Ergowatch started
2026-08-15 23:25:20.694 -06:00 [INF] Named Pipe service started: ergonomics_pipe
2026-08-15 23:25:20.696 -06:00 [INF] Communication Service Started
2026-08-15 23:25:26.494 -06:00 [ERR] Error in the service (Named Pipe)
System.IO.IOException: Ha terminado la canalización.
   at System.IO.Pipes.PipeStream.PipeValueTaskSource.GetResult(Int16 token)
   at System.IO.Pipes.PipeStream.PipeValueTaskSource.System.Threading.Tasks.Sources.IValueTaskSource.GetResult(Int16 token)
   at System.Threading.Tasks.ValueTask.ValueTaskSourceAsTask.<>c.<.cctor>b__4_0(Object state)
--- End of stack trace from previous location ---
   at System.IO.Pipes.NamedPipeServerStream.WaitForConnection()
   at CSharpApp.Services.PipeListener.ListenForConnections() in C:\Users\Kev\ErgoWatch\CSharpApp\Services\PipeListener.cs:line 59
2026-08-15 23:25:27.488 -06:00 [INF] Named Pipe service stopped
2026-08-15 23:25:27.488 -06:00 [INF] Ergowatch Closed
2026-08-15 23:29:07.384 -06:00 [INF] Ergowatch started
2026-08-15 23:29:07.785 -06:00 [INF] Named Pipe service started: ergonomics_pipe
2026-08-15 23:29:07.787 -06:00 [INF] Communication Service Started
2026-08-15 23:29:21.027 -06:00 [INF] Client connected to pipe
2026-08-15 23:29:21.470 -06:00 [INF] Alert received: posture - high - Bas posture detected. Neckle angle: 22°
2026-08-15 23:29:21.472 -06:00 [INF] Alert received: posture - high
2026-08-15 23:29:21.614 -06:00 [ERR] Error in the service (Named Pipe)
System.ObjectDisposedException: Cannot access a closed pipe.
   at System.IO.Pipes.NamedPipeServerStream.CheckDisconnectOperations()
   at System.IO.Pipes.NamedPipeServerStream.Disconnect()
   at CSharpApp.Services.PipeListener.ListenForConnections() in C:\Users\Kev\ErgoWatch\CSharpApp\Services\PipeListener.cs:line 66
2026-08-15 23:29:31.030 -06:00 [INF] Client connected to pipe
2026-08-15 23:29:31.030 -06:00 [INF] Alert received: posture - high - Bas posture detected. Neckle angle: 22°
2026-08-15 23:29:31.030 -06:00 [INF] Alert received: posture - high
2026-08-15 23:29:31.146 -06:00 [ERR] Error in the service (Named Pipe)
System.ObjectDisposedException: Cannot access a closed pipe.
   at System.IO.Pipes.NamedPipeServerStream.CheckDisconnectOperations()
   at System.IO.Pipes.NamedPipeServerStream.Disconnect()
   at CSharpApp.Services.PipeListener.ListenForConnections() in C:\Users\Kev\ErgoWatch\CSharpApp\Services\PipeListener.cs:line 66
2026-08-15 23:29:41.031 -06:00 [INF] Client connected to pipe
2026-08-15 23:29:41.031 -06:00 [INF] Alert received: posture - high - Bas posture detected. Neckle angle: 22°
2026-08-15 23:29:41.031 -06:00 [INF] Alert received: posture - high
2026-08-15 23:29:41.144 -06:00 [ERR] Error in the service (Named Pipe)
System.ObjectDisposedException: Cannot access a closed pipe.
   at System.IO.Pipes.NamedPipeServerStream.CheckDisconnectOperations()
   at System.IO.Pipes.NamedPipeServerStream.Disconnect()
   at CSharpApp.Services.PipeListener.ListenForConnections() in C:\Users\Kev\ErgoWatch\CSharpApp\Services\PipeListener.cs:line 66
2026-08-15 23:29:51.032 -06:00 [INF] Client connected to pipe
2026-08-15 23:29:51.032 -06:00 [INF] Alert received: posture - high - Bas posture detected. Neckle angle: 22°
2026-08-15 23:29:51.032 -06:00 [INF] Alert received: posture - high
2026-08-15 23:29:51.151 -06:00 [ERR] Error in the service (Named Pipe)
System.ObjectDisposedException: Cannot access a closed pipe.
   at System.IO.Pipes.NamedPipeServerStream.CheckDisconnectOperations()
   at System.IO.Pipes.NamedPipeServerStream.Disconnect()
   at CSharpApp.Services.PipeListener.ListenForConnections() in C:\Users\Kev\ErgoWatch\CSharpApp\Services\PipeListener.cs:line 66
2026-08-15 23:29:56.385 -06:00 [ERR] Error in the service (Named Pipe)
System.IO.IOException: Ha terminado la canalización.
   at System.IO.Pipes.PipeStream.PipeValueTaskSource.GetResult(Int16 token)
   at System.IO.Pipes.PipeStream.PipeValueTaskSource.System.Threading.Tasks.Sources.IValueTaskSource.GetResult(Int16 token)
   at System.Threading.Tasks.ValueTask.ValueTaskSourceAsTask.<>c.<.cctor>b__4_0(Object state)
--- End of stack trace from previous location ---
   at System.IO.Pipes.NamedPipeServerStream.WaitForConnection()
   at CSharpApp.Services.PipeListener.ListenForConnections() in C:\Users\Kev\ErgoWatch\CSharpApp\Services\PipeListener.cs:line 59
2026-08-15 23:29:57.384 -06:00 [INF] Named Pipe service stopped
2026-08-15 23:29:57.385 -06:00 [INF] Ergowatch Closed
